剥 Raw ENV values: {
  SUPABASE_URL: 'https://krxhrbtlgfjzsseegaqq.supabase.co',
  SUPABASE_ANON_KEY_length: 208,
  SUPABASE_SERVICE_KEY_length: 219
}
剥 Supabase Config Debug: {
  url: 'https://krxhrbtlgfjzsseegaqq.supabase.co',
  hasServiceKey: true,
  serviceKeyProject: 'supabase',
  hasAnonKey: true,
  anonKeyProject: 'supabase'
}
笨・Supabase initialized
統 Loading service account from file: C:\Users\kunih\sateituikyaku\backend\google-service-account.json
笨・Google Drive Service Account initialized
ｧｪ withCoordinates繝代Λ繝｡繝ｼ繧ｿ縺ｮ繝・せ繝・
投 withCoordinates=false・亥・迚ｩ莉ｶ・・
[PropertyListingService] Processing CC5: {
  has_image_url: false,
  has_storage_location: true,
  storage_location: 'https://drive.google.com/drive/folders/1VLD4BPEm1QyDWYZtZwngM3-OFVu5YhFk'
}
[PropertyListingService] Fetching images from Google Drive for CC5
笞・・Folder ID cache miss for parent: 1VLD4BPEm1QyDWYZtZwngM3-OFVu5YhFk
剥 Checking for public subfolders in parent: 1VLD4BPEm1QyDWYZtZwngM3-OFVu5YhFk
[PropertyListingService] Processing AA9338: {
  has_image_url: false,
  has_storage_location: true,
  storage_location: 'https://drive.google.com/drive/folders/1Kts92TCyu5MdljRLJfSxIgsh23WxWvml?usp=drive_link'
}
[PropertyListingService] Fetching images from Google Drive for AA9338
笞・・Folder ID cache miss for parent: 1Kts92TCyu5MdljRLJfSxIgsh23WxWvml
剥 Checking for public subfolders in parent: 1Kts92TCyu5MdljRLJfSxIgsh23WxWvml
[PropertyListingService] Processing AA13287: {
  has_image_url: false,
  has_storage_location: true,
  storage_location: 'https://drive.google.com/drive/u/0/folders/15SG06ZpJgV0jpM-8L8w-nUgI3ud3FVWq'
}
[PropertyListingService] Fetching images from Google Drive for AA13287
笞・・Folder ID cache miss for parent: 15SG06ZpJgV0jpM-8L8w-nUgI3ud3FVWq
剥 Checking for public subfolders in parent: 15SG06ZpJgV0jpM-8L8w-nUgI3ud3FVWq
[PropertyListingService] Processing AA12608: {
  has_image_url: false,
  has_storage_location: true,
  storage_location: 'https://drive.google.com/drive/folders/1A7UoBp80dUFcRs1HH3LVBui3KfWVRRrv?usp=sharing'
}
[PropertyListingService] Fetching images from Google Drive for AA12608
笞・・Folder ID cache miss for parent: 1A7UoBp80dUFcRs1HH3LVBui3KfWVRRrv
剥 Checking for public subfolders in parent: 1A7UoBp80dUFcRs1HH3LVBui3KfWVRRrv
[PropertyListingService] Processing CC32: {
  has_image_url: false,
  has_storage_location: true,
  storage_location: 'https://drive.google.com/drive/folders/1VAWh-pGxQGjAdCTZHIVA1GBIKjPco9LH?usp=sharing'
}
[PropertyListingService] Fetching images from Google Drive for CC32
笞・・Folder ID cache miss for parent: 1VAWh-pGxQGjAdCTZHIVA1GBIKjPco9LH
剥 Checking for public subfolders in parent: 1VAWh-pGxQGjAdCTZHIVA1GBIKjPco9LH
剥 Searching for folder starting with "athome蜈ｬ髢・ in parent: 1Kts92TCyu5MdljRLJfSxIgsh23WxWvml (shared drive: true)
剥 Searching for folder starting with "athome蜈ｬ髢・ in parent: 15SG06ZpJgV0jpM-8L8w-nUgI3ud3FVWq (shared drive: true)
剥 Searching for folder starting with "athome蜈ｬ髢・ in parent: 1A7UoBp80dUFcRs1HH3LVBui3KfWVRRrv (shared drive: true)
剥 Searching for folder starting with "athome蜈ｬ髢・ in parent: 1VAWh-pGxQGjAdCTZHIVA1GBIKjPco9LH (shared drive: true)
剥 Searching for folder starting with "athome蜈ｬ髢・ in parent: 1VLD4BPEm1QyDWYZtZwngM3-OFVu5YhFk (shared drive: true)
笨・Found folder: athome蜈ｬ髢・(1YJ0dvy1UCcJNOsR3cyTvYB10MsDRxvQY)
笨・Found "athome蜈ｬ髢・ subfolder: 1YJ0dvy1UCcJNOsR3cyTvYB10MsDRxvQY in parent: 1Kts92TCyu5MdljRLJfSxIgsh23WxWvml (521ms)
[PropertyImageService] Fetching images for property 303a9116-27c3-44c7-b5f1-203b1c3aec02 from folder 1YJ0dvy1UCcJNOsR3cyTvYB10MsDRxvQY
刀 Folder starting with "athome蜈ｬ髢・ not found
剥 Searching for folder starting with "atbb蜈ｬ髢・ in parent: 1VAWh-pGxQGjAdCTZHIVA1GBIKjPco9LH (shared drive: true)
笨・Found folder: athome蜈ｬ髢・(1t3fEJe8uUstCN-QI3jCV8hL4gLQyzW9o)
笨・Found "athome蜈ｬ髢・ subfolder: 1t3fEJe8uUstCN-QI3jCV8hL4gLQyzW9o in parent: 1A7UoBp80dUFcRs1HH3LVBui3KfWVRRrv (589ms)
[PropertyImageService] Fetching images for property b6a3a368-3abc-482c-a1ec-5d5ecc846e68 from folder 1t3fEJe8uUstCN-QI3jCV8hL4gLQyzW9o
笨・Found folder: athome蜈ｬ髢・(17J5L4qCeO3Bvw95HzhGZKnoku__5_Uv3)
笨・Found "athome蜈ｬ髢・ subfolder: 17J5L4qCeO3Bvw95HzhGZKnoku__5_Uv3 in parent: 1VLD4BPEm1QyDWYZtZwngM3-OFVu5YhFk (658ms)
[PropertyImageService] Fetching images for property 4a2b5a4a-5bbe-48c3-8c21-eafa5b6a21e2 from folder 17J5L4qCeO3Bvw95HzhGZKnoku__5_Uv3
笨・Found folder: athome蜈ｬ髢・(1XcAXJBCckaRpxfP050p3sFwp0_UKPiPW)
笨・Found "athome蜈ｬ髢・ subfolder: 1XcAXJBCckaRpxfP050p3sFwp0_UKPiPW in parent: 15SG06ZpJgV0jpM-8L8w-nUgI3ud3FVWq (688ms)
[PropertyImageService] Fetching images for property 8fa11b17-8471-49ea-9984-4c66993e5fd1 from folder 1XcAXJBCckaRpxfP050p3sFwp0_UKPiPW
刀 Folder starting with "atbb蜈ｬ髢・ not found
剥 Searching for public folders in subfolders (2nd level)...
[PropertyImageService] Found 24 images in folder 1YJ0dvy1UCcJNOsR3cyTvYB10MsDRxvQY for property 303a9116-27c3-44c7-b5f1-203b1c3aec02
[PropertyListingService] Got 1 images for AA9338
[PropertyImageService] Found 26 images in folder 1t3fEJe8uUstCN-QI3jCV8hL4gLQyzW9o for property b6a3a368-3abc-482c-a1ec-5d5ecc846e68
[PropertyListingService] Got 1 images for AA12608
  唐 Found 1 subfolders, checking first 1...
  剥 Checking subfolder: 讓ｪ蟆ｾ譚ｱ逕ｺ2荳∫岼2譛・(1uYYl2vv9tCUI-5yyi8E29Uk03xrtNedq)
剥 Searching for folder starting with "athome蜈ｬ髢・ in parent: 1uYYl2vv9tCUI-5yyi8E29Uk03xrtNedq (shared drive: true)
[PropertyImageService] Found 30 images in folder 17J5L4qCeO3Bvw95HzhGZKnoku__5_Uv3 for property 4a2b5a4a-5bbe-48c3-8c21-eafa5b6a21e2
[PropertyListingService] Got 1 images for CC5
[PropertyImageService] Found 44 images in folder 1XcAXJBCckaRpxfP050p3sFwp0_UKPiPW for property 8fa11b17-8471-49ea-9984-4c66993e5fd1
[PropertyListingService] Got 1 images for AA13287
笨・Found folder: athome蜈ｬ髢・(1vRr0Oyk_Wj0oXH31jXnqABtTcO6IQgFt)
  笨・Found "athome蜈ｬ髢・ in subfolder: 讓ｪ蟆ｾ譚ｱ逕ｺ2荳∫岼2譛・笨・Found public folder in subfolder: 1vRr0Oyk_Wj0oXH31jXnqABtTcO6IQgFt (1424ms)
[PropertyImageService] Fetching images for property ebb76ef0-b432-4812-8e9e-f8308172ab9a from folder 1vRr0Oyk_Wj0oXH31jXnqABtTcO6IQgFt
[PropertyImageService] Found 36 images in folder 1vRr0Oyk_Wj0oXH31jXnqABtTcO6IQgFt for property ebb76ef0-b432-4812-8e9e-f8308172ab9a
[PropertyListingService] Got 1 images for CC32
[PropertyListingService] Processing CC23: {
  has_image_url: false,
  has_storage_location: true,
  storage_location: 'https://drive.google.com/drive/folders/1h8XxzJL4yWdhVVbcAakDnzKm-NVvYGUx?usp=sharing'
}
[PropertyListingService] Fetching images from Google Drive for CC23
笞・・Folder ID cache miss for parent: 1h8XxzJL4yWdhVVbcAakDnzKm-NVvYGUx
剥 Checking for public subfolders in parent: 1h8XxzJL4yWdhVVbcAakDnzKm-NVvYGUx
[PropertyListingService] Processing CC24: {
  has_image_url: false,
  has_storage_location: true,
  storage_location: 'https://drive.google.com/drive/folders/1hnqdgUsvsFDsIGV98TzgVYgQ-MK3vk6r?usp=sharing'
}
[PropertyListingService] Fetching images from Google Drive for CC24
笞・・Folder ID cache miss for parent: 1hnqdgUsvsFDsIGV98TzgVYgQ-MK3vk6r
剥 Checking for public subfolders in parent: 1hnqdgUsvsFDsIGV98TzgVYgQ-MK3vk6r
[PropertyListingService] Processing CC20: {
  has_image_url: false,
  has_storage_location: true,
  storage_location: 'https://drive.google.com/drive/folders/17wp7LozTJK2vq-JcAd5RdcMedw0tzGUC?usp=sharing'
}
[PropertyListingService] Fetching images from Google Drive for CC20
笞・・Folder ID cache miss for parent: 17wp7LozTJK2vq-JcAd5RdcMedw0tzGUC
剥 Checking for public subfolders in parent: 17wp7LozTJK2vq-JcAd5RdcMedw0tzGUC
[PropertyListingService] Processing CC22: {
  has_image_url: false,
  has_storage_location: true,
  storage_location: 'https://drive.google.com/drive/folders/18kS4tddOp2vwKJNmyvv_qTLBVKFKI7rd?usp=sharing'
}
[PropertyListingService] Fetching images from Google Drive for CC22
笞・・Folder ID cache miss for parent: 18kS4tddOp2vwKJNmyvv_qTLBVKFKI7rd
剥 Checking for public subfolders in parent: 18kS4tddOp2vwKJNmyvv_qTLBVKFKI7rd
[PropertyListingService] Processing CC21: {
  has_image_url: false,
  has_storage_location: true,
  storage_location: 'https://drive.google.com/drive/folders/1pJ2bfWt_VZthq_K9z9EWgSE8Y5uzEcfP?usp=sharing'
}
[PropertyListingService] Fetching images from Google Drive for CC21
笞・・Folder ID cache miss for parent: 1pJ2bfWt_VZthq_K9z9EWgSE8Y5uzEcfP
剥 Checking for public subfolders in parent: 1pJ2bfWt_VZthq_K9z9EWgSE8Y5uzEcfP
剥 Searching for folder starting with "athome蜈ｬ髢・ in parent: 1h8XxzJL4yWdhVVbcAakDnzKm-NVvYGUx (shared drive: true)
剥 Searching for folder starting with "athome蜈ｬ髢・ in parent: 1hnqdgUsvsFDsIGV98TzgVYgQ-MK3vk6r (shared drive: true)
剥 Searching for folder starting with "athome蜈ｬ髢・ in parent: 17wp7LozTJK2vq-JcAd5RdcMedw0tzGUC (shared drive: true)
剥 Searching for folder starting with "athome蜈ｬ髢・ in parent: 18kS4tddOp2vwKJNmyvv_qTLBVKFKI7rd (shared drive: true)
剥 Searching for folder starting with "athome蜈ｬ髢・ in parent: 1pJ2bfWt_VZthq_K9z9EWgSE8Y5uzEcfP (shared drive: true)
刀 Folder starting with "athome蜈ｬ髢・ not found
剥 Searching for folder starting with "atbb蜈ｬ髢・ in parent: 1h8XxzJL4yWdhVVbcAakDnzKm-NVvYGUx (shared drive: true)
刀 Folder starting with "athome蜈ｬ髢・ not found
剥 Searching for folder starting with "atbb蜈ｬ髢・ in parent: 1hnqdgUsvsFDsIGV98TzgVYgQ-MK3vk6r (shared drive: true)
刀 Folder starting with "athome蜈ｬ髢・ not found
剥 Searching for folder starting with "atbb蜈ｬ髢・ in parent: 18kS4tddOp2vwKJNmyvv_qTLBVKFKI7rd (shared drive: true)
刀 Folder starting with "athome蜈ｬ髢・ not found
剥 Searching for folder starting with "atbb蜈ｬ髢・ in parent: 1pJ2bfWt_VZthq_K9z9EWgSE8Y5uzEcfP (shared drive: true)
笨・Found folder: athome蜈ｬ髢・(10REjx11RK_qADfAaI1tCGhIXEUCRFWra)
笨・Found "athome蜈ｬ髢・ subfolder: 10REjx11RK_qADfAaI1tCGhIXEUCRFWra in parent: 17wp7LozTJK2vq-JcAd5RdcMedw0tzGUC (311ms)
[PropertyImageService] Fetching images for property 0c92ed19-a401-4a1c-a84d-9b7176fdd1e7 from folder 10REjx11RK_qADfAaI1tCGhIXEUCRFWra
刀 Folder starting with "atbb蜈ｬ髢・ not found
剥 Searching for public folders in subfolders (2nd level)...
刀 Folder starting with "atbb蜈ｬ髢・ not found
剥 Searching for public folders in subfolders (2nd level)...
刀 Folder starting with "atbb蜈ｬ髢・ not found
剥 Searching for public folders in subfolders (2nd level)...
刀 Folder starting with "atbb蜈ｬ髢・ not found
剥 Searching for public folders in subfolders (2nd level)...
[PropertyImageService] Found 23 images in folder 10REjx11RK_qADfAaI1tCGhIXEUCRFWra for property 0c92ed19-a401-4a1c-a84d-9b7176fdd1e7
[PropertyListingService] Got 1 images for CC20
  唐 Found 1 subfolders, checking first 1...
  剥 Checking subfolder: 讓ｪ蟆ｾ譚ｱ逕ｺ1荳∫岼1譛・(1LZIseeLldLgQP3nYC_G9nI7kZB54NxBV)
剥 Searching for folder starting with "athome蜈ｬ髢・ in parent: 1LZIseeLldLgQP3nYC_G9nI7kZB54NxBV (shared drive: true)
  唐 Found 1 subfolders, checking first 1...
  剥 Checking subfolder: 蜈牙翠5譛・(1RjZmZ9Gig0nwfHfu1apTOlU7LTGk06tP)
剥 Searching for folder starting with "athome蜈ｬ髢・ in parent: 1RjZmZ9Gig0nwfHfu1apTOlU7LTGk06tP (shared drive: true)
  唐 Found 1 subfolders, checking first 1...
  剥 Checking subfolder: 蟆丈ｸｭ蟲ｶ・捺悄・第悄・大捷譽・(138YJY01Jv5NaeSUxhD0M1wG87356V8qF)
剥 Searching for folder starting with "athome蜈ｬ髢・ in parent: 138YJY01Jv5NaeSUxhD0M1wG87356V8qF (shared drive: true)
  唐 Found 1 subfolders, checking first 1...
  剥 Checking subfolder: 蠕ｳ蟲ｶ2荳∫岼1譛・蜿ｷ譽・(1jD9rK5Rti80jWT8US5ilTX31EuxqWI1t)
剥 Searching for folder starting with "athome蜈ｬ髢・ in parent: 1jD9rK5Rti80jWT8US5ilTX31EuxqWI1t (shared drive: true)
笨・Found folder: athome蜈ｬ髢・(1G2egpCxTdp-TJ31oZ54FiH0oXXi8TRrD)
  笨・Found "athome蜈ｬ髢・ in subfolder: 蜈牙翠5譛・笨・Found public folder in subfolder: 1G2egpCxTdp-TJ31oZ54FiH0oXXi8TRrD (1101ms)
[PropertyImageService] Fetching images for property 5d543991-8033-4ae6-bf1e-1cda0e0e5fd5 from folder 1G2egpCxTdp-TJ31oZ54FiH0oXXi8TRrD
笨・Found folder: athome蜈ｬ髢・(1Urmj1_HBnlQaTSVuuyLjmBCR2-HAImWR)
  笨・Found "athome蜈ｬ髢・ in subfolder: 讓ｪ蟆ｾ譚ｱ逕ｺ1荳∫岼1譛・笨・Found public folder in subfolder: 1Urmj1_HBnlQaTSVuuyLjmBCR2-HAImWR (1102ms)
[PropertyImageService] Fetching images for property 56793363-ced0-47e1-89e3-db4046281525 from folder 1Urmj1_HBnlQaTSVuuyLjmBCR2-HAImWR
笨・Found folder: athome蜈ｬ髢・(1FTPnHP3vMCOVfcgkUVBTBhZzhsRn6yKX)
  笨・Found "athome蜈ｬ髢・ in subfolder: 蟆丈ｸｭ蟲ｶ・捺悄・第悄・大捷譽・笨・Found public folder in subfolder: 1FTPnHP3vMCOVfcgkUVBTBhZzhsRn6yKX (1124ms)
[PropertyImageService] Fetching images for property 4737809f-72c5-45fc-9a70-c4093391ea57 from folder 1FTPnHP3vMCOVfcgkUVBTBhZzhsRn6yKX
笨・Found folder: athome蜈ｬ髢・(1dQJQZdFpvX2VKiZbk2NO0JgkELV6QIz9)
  笨・Found "athome蜈ｬ髢・ in subfolder: 蠕ｳ蟲ｶ2荳∫岼1譛・蜿ｷ譽・笨・Found public folder in subfolder: 1dQJQZdFpvX2VKiZbk2NO0JgkELV6QIz9 (1196ms)
[PropertyImageService] Fetching images for property c30abe80-1ff3-450d-bb97-2bae1a7f6981 from folder 1dQJQZdFpvX2VKiZbk2NO0JgkELV6QIz9
node.exe : 竢ｱ・・Timeout (2000ms) reached for subfolder search, using fallback
発生場所 行:1 文字:1
+ & "C:\Program Files\nodejs/node.exe" "C:\Program Files\nodejs/node_mo ...
+ ~~~~~~~~~~~~~~~~~~~~~~~~~~~~~~~~~~~~~~~~~~~~~~~~~~~~~~~~~~~~~~~~~~~~~
    + CategoryInfo          : NotSpecified: (竢ｱ・・Timeout (20... using fallback:St 
   ring) [], RemoteException
    + FullyQualifiedErrorId : NativeCommandError
 
[PropertyImageService] Found 21 images in folder 1G2egpCxTdp-TJ31oZ54FiH0oXXi8TRrD for property 5d543991-8033-4ae6-bf1e-1cda0e0e5fd5
[PropertyListingService] Got 1 images for CC24
[PropertyImageService] Found 22 images in folder 1FTPnHP3vMCOVfcgkUVBTBhZzhsRn6yKX for property 4737809f-72c5-45fc-9a70-c4093391ea57
[PropertyListingService] Got 1 images for CC21
[PropertyImageService] Found 28 images in folder 1Urmj1_HBnlQaTSVuuyLjmBCR2-HAImWR for property 56793363-ced0-47e1-89e3-db4046281525
[PropertyListingService] Got 1 images for CC23
[PropertyImageService] Found 19 images in folder 1dQJQZdFpvX2VKiZbk2NO0JgkELV6QIz9 for property c30abe80-1ff3-450d-bb97-2bae1a7f6981
[PropertyListingService] Got 1 images for CC22
  蜿門ｾ嶺ｻｶ謨ｰ: 10莉ｶ
  邱丈ｻｶ謨ｰ: 1467莉ｶ
  譛蛻昴・5莉ｶ:
    CC5: lat=33.1807043, lng=131.597677
    AA9338: lat=33.1623088, lng=131.6127476
    AA13287: lat=null, lng=null
    AA12608: lat=33.2289593, lng=131.6434672
    CC32: lat=null, lng=null

桃 withCoordinates=true・亥ｺｧ讓吶′縺ゅｋ迚ｩ莉ｶ縺ｮ縺ｿ・・
[PropertyListingService] Applying withCoordinates filter
[PropertyListingService] Processing CC5: {
  has_image_url: false,
  has_storage_location: true,
  storage_location: 'https://drive.google.com/drive/folders/1VLD4BPEm1QyDWYZtZwngM3-OFVu5YhFk'
}
[PropertyListingService] Fetching images from Google Drive for CC5
笨・Folder ID cache hit for parent: 1VLD4BPEm1QyDWYZtZwngM3-OFVu5YhFk -> 17J5L4qCeO3Bvw95HzhGZKnoku__5_Uv3 (0ms)
[PropertyListingService] Processing AA9338: {
  has_image_url: false,
  has_storage_location: true,
  storage_location: 'https://drive.google.com/drive/folders/1Kts92TCyu5MdljRLJfSxIgsh23WxWvml?usp=drive_link'
}
[PropertyListingService] Fetching images from Google Drive for AA9338
笨・Folder ID cache hit for parent: 1Kts92TCyu5MdljRLJfSxIgsh23WxWvml -> 1YJ0dvy1UCcJNOsR3cyTvYB10MsDRxvQY (0ms)
[PropertyListingService] Processing AA12608: {
  has_image_url: false,
  has_storage_location: true,
  storage_location: 'https://drive.google.com/drive/folders/1A7UoBp80dUFcRs1HH3LVBui3KfWVRRrv?usp=sharing'
}
[PropertyListingService] Fetching images from Google Drive for AA12608
笨・Folder ID cache hit for parent: 1A7UoBp80dUFcRs1HH3LVBui3KfWVRRrv -> 1t3fEJe8uUstCN-QI3jCV8hL4gLQyzW9o (0ms)
[PropertyListingService] Processing CC24: {
  has_image_url: false,
  has_storage_location: true,
  storage_location: 'https://drive.google.com/drive/folders/1hnqdgUsvsFDsIGV98TzgVYgQ-MK3vk6r?usp=sharing'
}
[PropertyListingService] Fetching images from Google Drive for CC24
笨・Folder ID cache hit for parent: 1hnqdgUsvsFDsIGV98TzgVYgQ-MK3vk6r -> 1G2egpCxTdp-TJ31oZ54FiH0oXXi8TRrD (0ms)
[PropertyListingService] Processing CC22: {
  has_image_url: false,
  has_storage_location: true,
  storage_location: 'https://drive.google.com/drive/folders/18kS4tddOp2vwKJNmyvv_qTLBVKFKI7rd?usp=sharing'
}
[PropertyListingService] Fetching images from Google Drive for CC22
笨・Folder ID cache hit for parent: 18kS4tddOp2vwKJNmyvv_qTLBVKFKI7rd -> 1dQJQZdFpvX2VKiZbk2NO0JgkELV6QIz9 (0ms)
[PropertyImageService] Cache hit for property 4a2b5a4a-5bbe-48c3-8c21-eafa5b6a21e2, folder 17J5L4qCeO3Bvw95HzhGZKnoku__5_Uv3
[PropertyImageService] Cache hit for property 303a9116-27c3-44c7-b5f1-203b1c3aec02, folder 1YJ0dvy1UCcJNOsR3cyTvYB10MsDRxvQY
[PropertyImageService] Cache hit for property b6a3a368-3abc-482c-a1ec-5d5ecc846e68, folder 1t3fEJe8uUstCN-QI3jCV8hL4gLQyzW9o
[PropertyImageService] Cache hit for property 5d543991-8033-4ae6-bf1e-1cda0e0e5fd5, folder 1G2egpCxTdp-TJ31oZ54FiH0oXXi8TRrD
[PropertyImageService] Cache hit for property c30abe80-1ff3-450d-bb97-2bae1a7f6981, folder 1dQJQZdFpvX2VKiZbk2NO0JgkELV6QIz9
[PropertyListingService] Got 1 images for CC5
[PropertyListingService] Got 1 images for AA9338
[PropertyListingService] Got 1 images for AA12608
[PropertyListingService] Got 1 images for CC24
[PropertyListingService] Got 1 images for CC22
[PropertyListingService] Processing AA12595: {
  has_image_url: false,
  has_storage_location: true,
  storage_location: 'https://drive.google.com/drive/u/0/folders/1ZLJoOP0r5iTRn-yHPkwQuJtt7Hu1gc8G'
}
[PropertyListingService] Fetching images from Google Drive for AA12595
笞・・Folder ID cache miss for parent: 1ZLJoOP0r5iTRn-yHPkwQuJtt7Hu1gc8G
剥 Checking for public subfolders in parent: 1ZLJoOP0r5iTRn-yHPkwQuJtt7Hu1gc8G
[PropertyListingService] Processing AA13341: {
  has_image_url: false,
  has_storage_location: true,
  storage_location: 'https://drive.google.com/drive/folders/1wf9UgID6-DBj48jU_eoJkZR9RGOPtDzz?usp=sharing'
}
[PropertyListingService] Fetching images from Google Drive for AA13341
笞・・Folder ID cache miss for parent: 1wf9UgID6-DBj48jU_eoJkZR9RGOPtDzz
剥 Checking for public subfolders in parent: 1wf9UgID6-DBj48jU_eoJkZR9RGOPtDzz
[PropertyListingService] Processing CC14: {
  has_image_url: false,
  has_storage_location: true,
  storage_location: 'https://drive.google.com/drive/folders/1dEdNiuv3VPoFjpT4qlqBVOwqXf-j6E3Y?usp=sharing'
}
[PropertyListingService] Fetching images from Google Drive for CC14
笞・・Folder ID cache miss for parent: 1dEdNiuv3VPoFjpT4qlqBVOwqXf-j6E3Y
剥 Checking for public subfolders in parent: 1dEdNiuv3VPoFjpT4qlqBVOwqXf-j6E3Y
[PropertyListingService] Processing CC10: {
  has_image_url: false,
  has_storage_location: true,
  storage_location: 'https://drive.google.com/drive/folders/18xvHCFtZC-nnr0ALLru_8q-ZQtCydQBy?usp=sharing'
}
[PropertyListingService] Fetching images from Google Drive for CC10
笞・・Folder ID cache miss for parent: 18xvHCFtZC-nnr0ALLru_8q-ZQtCydQBy
剥 Checking for public subfolders in parent: 18xvHCFtZC-nnr0ALLru_8q-ZQtCydQBy
[PropertyListingService] Processing AA13311: {
  has_image_url: false,
  has_storage_location: true,
  storage_location: 'https://drive.google.com/drive/folders/1KwgIHChaf8R51k6rusH59liueH3y-t65?usp=sharing'
}
[PropertyListingService] Fetching images from Google Drive for AA13311
笞・・Folder ID cache miss for parent: 1KwgIHChaf8R51k6rusH59liueH3y-t65
剥 Checking for public subfolders in parent: 1KwgIHChaf8R51k6rusH59liueH3y-t65
剥 Searching for folder starting with "athome蜈ｬ髢・ in parent: 1ZLJoOP0r5iTRn-yHPkwQuJtt7Hu1gc8G (shared drive: true)
剥 Searching for folder starting with "athome蜈ｬ髢・ in parent: 1wf9UgID6-DBj48jU_eoJkZR9RGOPtDzz (shared drive: true)
剥 Searching for folder starting with "athome蜈ｬ髢・ in parent: 1dEdNiuv3VPoFjpT4qlqBVOwqXf-j6E3Y (shared drive: true)
剥 Searching for folder starting with "athome蜈ｬ髢・ in parent: 18xvHCFtZC-nnr0ALLru_8q-ZQtCydQBy (shared drive: true)
剥 Searching for folder starting with "athome蜈ｬ髢・ in parent: 1KwgIHChaf8R51k6rusH59liueH3y-t65 (shared drive: true)
笨・Found folder: athome蜈ｬ髢・(1PVppM1j10uLLPwmGwapXDt12GipAd1uD)
笨・Found "athome蜈ｬ髢・ subfolder: 1PVppM1j10uLLPwmGwapXDt12GipAd1uD in parent: 18xvHCFtZC-nnr0ALLru_8q-ZQtCydQBy (294ms)
[PropertyImageService] Fetching images for property 3a4a1305-ce6b-4fa4-ab37-898e89c5b98b from folder 1PVppM1j10uLLPwmGwapXDt12GipAd1uD
笨・Found folder: athome蜈ｬ髢・(15lqojhzav9CFplRCmXLn_5X1ZMZGt8Yg)
笨・Found "athome蜈ｬ髢・ subfolder: 15lqojhzav9CFplRCmXLn_5X1ZMZGt8Yg in parent: 1KwgIHChaf8R51k6rusH59liueH3y-t65 (310ms)
[PropertyImageService] Fetching images for property ba61dbc3-2e90-4a23-b5f7-4757dfe98600 from folder 15lqojhzav9CFplRCmXLn_5X1ZMZGt8Yg
笨・Found folder: athome蜈ｬ髢・(18A6ErCwBwD-_nbiHInYvzxiZATezJBHF)
笨・Found "athome蜈ｬ髢・ subfolder: 18A6ErCwBwD-_nbiHInYvzxiZATezJBHF in parent: 1ZLJoOP0r5iTRn-yHPkwQuJtt7Hu1gc8G (324ms)
[PropertyImageService] Fetching images for property 7dd6dcc6-b2df-4269-b14d-7fda42035171 from folder 18A6ErCwBwD-_nbiHInYvzxiZATezJBHF
笨・Found folder: athome蜈ｬ髢・(1r-whZmSjyzvBWt9p0Ik70NgMXtuz7bN2)
笨・Found "athome蜈ｬ髢・ subfolder: 1r-whZmSjyzvBWt9p0Ik70NgMXtuz7bN2 in parent: 1dEdNiuv3VPoFjpT4qlqBVOwqXf-j6E3Y (361ms)
[PropertyImageService] Fetching images for property 12dbb7c7-b7be-44d7-9e7c-2fc48f11d991 from folder 1r-whZmSjyzvBWt9p0Ik70NgMXtuz7bN2
笨・Found folder: athome蜈ｬ髢・(1EztSYTFqLqsfAMGKtzMIEiY6y_4Puk4G)
笨・Found "athome蜈ｬ髢・ subfolder: 1EztSYTFqLqsfAMGKtzMIEiY6y_4Puk4G in parent: 1wf9UgID6-DBj48jU_eoJkZR9RGOPtDzz (375ms)
[PropertyImageService] Fetching images for property a47edc7a-0562-4cb9-a1f4-9e844a90ae5d from folder 1EztSYTFqLqsfAMGKtzMIEiY6y_4Puk4G
[PropertyImageService] Found 30 images in folder 1PVppM1j10uLLPwmGwapXDt12GipAd1uD for property 3a4a1305-ce6b-4fa4-ab37-898e89c5b98b
[PropertyListingService] Got 1 images for CC10
[PropertyImageService] Found 25 images in folder 15lqojhzav9CFplRCmXLn_5X1ZMZGt8Yg for property ba61dbc3-2e90-4a23-b5f7-4757dfe98600
[PropertyListingService] Got 1 images for AA13311
[PropertyImageService] Found 29 images in folder 18A6ErCwBwD-_nbiHInYvzxiZATezJBHF for property 7dd6dcc6-b2df-4269-b14d-7fda42035171
[PropertyListingService] Got 1 images for AA12595
[PropertyImageService] Found 21 images in folder 1EztSYTFqLqsfAMGKtzMIEiY6y_4Puk4G for property a47edc7a-0562-4cb9-a1f4-9e844a90ae5d
[PropertyListingService] Got 1 images for AA13341
[PropertyImageService] Found 23 images in folder 1r-whZmSjyzvBWt9p0Ik70NgMXtuz7bN2 for property 12dbb7c7-b7be-44d7-9e7c-2fc48f11d991
[PropertyListingService] Got 1 images for CC14
  蜿門ｾ嶺ｻｶ謨ｰ: 10莉ｶ
  邱丈ｻｶ謨ｰ: 184莉ｶ
  譛蛻昴・5莉ｶ:
    CC5: lat=33.1807043, lng=131.597677
    AA9338: lat=33.1623088, lng=131.6127476
    AA12608: lat=33.2289593, lng=131.6434672
    CC24: lat=33.1929104, lng=131.6016182
    CC22: lat=33.2431178, lng=131.6925124

竢ｱ・・Timeout (2000ms) reached for subfolder search, using fallback
竢ｱ・・Timeout (2000ms) reached for subfolder search, using fallback
竢ｱ・・Timeout (2000ms) reached for subfolder search, using fallback
竢ｱ・・Timeout (2000ms) reached for subfolder search, using fallback
笨・謌仙粥: 蜈ｨ縺ｦ縺ｮ迚ｩ莉ｶ縺ｫ蠎ｧ讓吶′縺ゅｊ縺ｾ縺・
